root@Dhiveash:~# sudo apt update
Get:1 http://security.ubuntu.com/ubuntu jammy-security InRelease [129 kB]
Hit:2 http://archive.ubuntu.com/ubuntu jammy InRelease
Get:3 http://archive.ubuntu.com/ubuntu jammy-updates InRelease [128 kB]
Hit:4 http://archive.ubuntu.com/ubuntu jammy-backports InRelease
Fetched 257 kB in 3s (99.4 kB/s)
Reading package lists... Done
Building dependency tree... Done
Reading state information... Done
All packages are up to date.
root@Dhiveash:~# cd ansible
-bash: cd: ansible: No such file or directory
root@Dhiveash:~# mkdir ansible
root@Dhiveash:~# cd ansible
root@Dhiveash:~/ansible# sudo apt update
Hit:1 http://security.ubuntu.com/ubuntu jammy-security InRelease
Hit:2 http://archive.ubuntu.com/ubuntu jammy InRelease
Hit:3 http://archive.ubuntu.com/ubuntu jammy-updates InRelease
Hit:4 http://archive.ubuntu.com/ubuntu jammy-backports InRelease
Reading package lists... Done
Building dependency tree... Done
Reading state information... Done
All packages are up to date.
root@Dhiveash:~/ansible# su
root@Dhiveash:~/ansible# exit
exit
root@Dhiveash:~/ansible# sudo apt install ansible
Reading package lists... Done
Building dependency tree... Done
Reading state information... Done
The following additional packages will be installed:
  ieee-data python3-argcomplete python3-dnspython python3-jmespath python3-kerberos python3-libcloud python3-lockfile
  python3-netaddr python3-ntlm-auth python3-packaging python3-pycryptodome python3-requests-kerberos
  python3-requests-ntlm python3-requests-toolbelt python3-selinux python3-simplejson python3-winrm python3-xmltodict
Suggested packages:
  cowsay sshpass python3-sniffio python3-trio python-lockfile-doc ipython3 python-netaddr-docs
The following NEW packages will be installed:
  ansible ieee-data python3-argcomplete python3-dnspython python3-jmespath python3-kerberos python3-libcloud
  python3-lockfile python3-netaddr python3-ntlm-auth python3-packaging python3-pycryptodome python3-requests-kerberos
  python3-requests-ntlm python3-requests-toolbelt python3-selinux python3-simplejson python3-winrm python3-xmltodict
0 upgraded, 19 newly installed, 0 to remove and 0 not upgraded.
Need to get 22.9 MB of archives.
After this operation, 243 MB of additional disk space will be used.
Do you want to continue? [Y/n] y
Get:1 http://archive.ubuntu.com/ubuntu jammy/main amd64 python3-packaging all 21.3-1 [30.7 kB]
Get:2 http://archive.ubuntu.com/ubuntu jammy-updates/main amd64 python3-pycryptodome amd64 3.11.0+dfsg1-3ubuntu0.1 [1029 kB]
Get:3 http://archive.ubuntu.com/ubuntu jammy/main amd64 python3-dnspython all 2.1.0-1ubuntu1 [123 kB]
Get:4 http://archive.ubuntu.com/ubuntu jammy/main amd64 ieee-data all 20210605.1 [1887 kB]
Get:5 http://archive.ubuntu.com/ubuntu jammy/main amd64 python3-netaddr all 0.8.0-2 [309 kB]
Get:6 http://archive.ubuntu.com/ubuntu jammy/universe amd64 ansible all 2.10.7+merged+base+2.10.8+dfsg-1 [17.5 MB]
Get:7 http://archive.ubuntu.com/ubuntu jammy/universe amd64 python3-argcomplete all 1.8.1-1.5 [27.2 kB]
Get:8 http://archive.ubuntu.com/ubuntu jammy/main amd64 python3-jmespath all 0.10.0-1 [21.7 kB]
Get:9 http://archive.ubuntu.com/ubuntu jammy/universe amd64 python3-kerberos amd64 1.1.14-3.1build5 [23.0 kB]
Get:10 http://archive.ubuntu.com/ubuntu jammy/main amd64 python3-lockfile all 1:0.12.2-2.2 [14.6 kB]
Get:11 http://archive.ubuntu.com/ubuntu jammy/main amd64 python3-simplejson amd64 3.17.6-1build1 [54.7 kB]
Get:12 http://archive.ubuntu.com/ubuntu jammy/universe amd64 python3-libcloud all 3.2.0-2 [1554 kB]
Get:13 http://archive.ubuntu.com/ubuntu jammy/universe amd64 python3-ntlm-auth all 1.4.0-1 [20.4 kB]
Get:14 http://archive.ubuntu.com/ubuntu jammy/universe amd64 python3-requests-kerberos all 0.12.0-2 [11.9 kB]
Get:15 http://archive.ubuntu.com/ubuntu jammy/universe amd64 python3-requests-ntlm all 1.1.0-1.1 [6160 B]
Get:16 http://archive.ubuntu.com/ubuntu jammy/main amd64 python3-requests-toolbelt all 0.9.1-1 [38.0 kB]
Get:17 http://archive.ubuntu.com/ubuntu jammy/universe amd64 python3-selinux amd64 3.3-1build2 [159 kB]
Get:18 http://archive.ubuntu.com/ubuntu jammy/universe amd64 python3-xmltodict all 0.12.0-2 [12.6 kB]
Get:19 http://archive.ubuntu.com/ubuntu jammy/universe amd64 python3-winrm all 0.3.0-2 [21.7 kB]
Fetched 22.9 MB in 11s (2046 kB/s)
Selecting previously unselected package python3-packaging.
(Reading database ... 57151 files and directories currently installed.)
Preparing to unpack .../00-python3-packaging_21.3-1_all.deb ...
Unpacking python3-packaging (21.3-1) ...
Selecting previously unselected package python3-pycryptodome.
Preparing to unpack .../01-python3-pycryptodome_3.11.0+dfsg1-3ubuntu0.1_amd64.deb ...
Unpacking python3-pycryptodome (3.11.0+dfsg1-3ubuntu0.1) ...
Selecting previously unselected package python3-dnspython.
Preparing to unpack .../02-python3-dnspython_2.1.0-1ubuntu1_all.deb ...
Unpacking python3-dnspython (2.1.0-1ubuntu1) ...
Selecting previously unselected package ieee-data.
Preparing to unpack .../03-ieee-data_20210605.1_all.deb ...
Unpacking ieee-data (20210605.1) ...
Selecting previously unselected package python3-netaddr.
Preparing to unpack .../04-python3-netaddr_0.8.0-2_all.deb ...
Unpacking python3-netaddr (0.8.0-2) ...
Selecting previously unselected package ansible.
Preparing to unpack .../05-ansible_2.10.7+merged+base+2.10.8+dfsg-1_all.deb ...
Unpacking ansible (2.10.7+merged+base+2.10.8+dfsg-1) ...
Selecting previously unselected package python3-argcomplete.
Preparing to unpack .../06-python3-argcomplete_1.8.1-1.5_all.deb ...
Unpacking python3-argcomplete (1.8.1-1.5) ...
Selecting previously unselected package python3-jmespath.
Preparing to unpack .../07-python3-jmespath_0.10.0-1_all.deb ...
Unpacking python3-jmespath (0.10.0-1) ...
Selecting previously unselected package python3-kerberos.
Preparing to unpack .../08-python3-kerberos_1.1.14-3.1build5_amd64.deb ...
Unpacking python3-kerberos (1.1.14-3.1build5) ...
Selecting previously unselected package python3-lockfile.
Preparing to unpack .../09-python3-lockfile_1%3a0.12.2-2.2_all.deb ...
Unpacking python3-lockfile (1:0.12.2-2.2) ...
Selecting previously unselected package python3-simplejson.
Preparing to unpack .../10-python3-simplejson_3.17.6-1build1_amd64.deb ...
Unpacking python3-simplejson (3.17.6-1build1) ...
Selecting previously unselected package python3-libcloud.
Preparing to unpack .../11-python3-libcloud_3.2.0-2_all.deb ...
Unpacking python3-libcloud (3.2.0-2) ...
Selecting previously unselected package python3-ntlm-auth.
Preparing to unpack .../12-python3-ntlm-auth_1.4.0-1_all.deb ...
Unpacking python3-ntlm-auth (1.4.0-1) ...
Selecting previously unselected package python3-requests-kerberos.
Preparing to unpack .../13-python3-requests-kerberos_0.12.0-2_all.deb ...
Unpacking python3-requests-kerberos (0.12.0-2) ...
Selecting previously unselected package python3-requests-ntlm.
Preparing to unpack .../14-python3-requests-ntlm_1.1.0-1.1_all.deb ...
Unpacking python3-requests-ntlm (1.1.0-1.1) ...
Selecting previously unselected package python3-requests-toolbelt.
Preparing to unpack .../15-python3-requests-toolbelt_0.9.1-1_all.deb ...
Unpacking python3-requests-toolbelt (0.9.1-1) ...
Selecting previously unselected package python3-selinux.
Preparing to unpack .../16-python3-selinux_3.3-1build2_amd64.deb ...
Unpacking python3-selinux (3.3-1build2) ...
Selecting previously unselected package python3-xmltodict.
Preparing to unpack .../17-python3-xmltodict_0.12.0-2_all.deb ...
Unpacking python3-xmltodict (0.12.0-2) ...
Selecting previously unselected package python3-winrm.
Preparing to unpack .../18-python3-winrm_0.3.0-2_all.deb ...
Unpacking python3-winrm (0.3.0-2) ...
Setting up python3-lockfile (1:0.12.2-2.2) ...
Setting up python3-requests-toolbelt (0.9.1-1) ...
Setting up python3-ntlm-auth (1.4.0-1) ...
Setting up python3-pycryptodome (3.11.0+dfsg1-3ubuntu0.1) ...
Setting up python3-kerberos (1.1.14-3.1build5) ...
Setting up python3-simplejson (3.17.6-1build1) ...
Setting up python3-xmltodict (0.12.0-2) ...
Setting up python3-packaging (21.3-1) ...
Setting up python3-jmespath (0.10.0-1) ...
Setting up python3-requests-kerberos (0.12.0-2) ...
Setting up ieee-data (20210605.1) ...
Setting up python3-dnspython (2.1.0-1ubuntu1) ...
Setting up python3-selinux (3.3-1build2) ...
Setting up python3-argcomplete (1.8.1-1.5) ...
Setting up python3-requests-ntlm (1.1.0-1.1) ...
Setting up python3-libcloud (3.2.0-2) ...
Setting up python3-netaddr (0.8.0-2) ...
Setting up python3-winrm (0.3.0-2) ...
Setting up ansible (2.10.7+merged+base+2.10.8+dfsg-1) ...
Processing triggers for man-db (2.10.2-1) ...
root@Dhiveash:~/ansible# ansible --version
ansible 2.10.8
  config file = None
  configured module search path = ['/root/.ansible/plugins/modules', '/usr/share/ansible/plugins/modules']
  ansible python module location = /usr/lib/python3/dist-packages/ansible
  executable location = /usr/bin/ansible
  python version = 3.10.12 (main, Sep 11 2024, 15:47:36) [GCC 11.4.0]
root@Dhiveash:~/ansible#
